nohup(26292) MallocStackLogging: could not tag MSL-related memory as no_footprint, so those pages will be included in process footprint - No such file or directory (2)
Data/manifests/train.jsonl: dropped 78 clips under 1.0s, 4645 left
epoch 0 step 50 | train loss 1.1933
epoch 0 step 100 | train loss 1.0720
epoch 0 step 150 | train loss 1.0343
epoch 0 step 200 | train loss 0.8156
 [eval] step 200 | dev loss 1.2003 <-- saved
epoch 0 step 250 | train loss 1.5686
epoch 0 step 300 | train loss 1.1432
epoch 0 step 350 | train loss 1.0096
epoch 0 step 400 | train loss 0.6476
 [eval] step 400 | dev loss 1.1461 <-- saved
epoch 0 step 450 | train loss 0.8717
epoch 0 step 500 | train loss 1.0749
epoch 0 step 550 | train loss 1.2438
epoch 0 step 600 | train loss 1.1331
 [eval] step 600 | dev loss 1.1212 <-- saved
epoch 0 step 650 | train loss 0.9319
epoch 0 step 700 | train loss 0.6800
epoch 0 step 750 | train loss 0.8617
epoch 0 step 800 | train loss 0.6527
 [eval] step 800 | dev loss 1.0973 <-- saved
epoch 0 step 850 | train loss 1.1842
epoch 0 step 900 | train loss 1.2485
epoch 0 step 950 | train loss 0.6958
epoch 0 step 1000 | train loss 1.0532
 [eval] step 1000 | dev loss 1.0815 <-- saved
epoch 0 step 1050 | train loss 1.5845
epoch 0 step 1100 | train loss 1.0022
epoch 0 step 1150 | train loss 0.9883
epoch 1 step 1200 | train loss 0.8165
 [eval] step 1200 | dev loss 1.0637 <-- saved
epoch 1 step 1250 | train loss 0.6657
epoch 1 step 1300 | train loss 0.7350
epoch 1 step 1350 | train loss 0.7372
epoch 1 step 1400 | train loss 0.8883
 [eval] step 1400 | dev loss 1.0718
epoch 1 step 1450 | train loss 0.7538
epoch 1 step 1500 | train loss 0.5677
epoch 1 step 1550 | train loss 0.4624
epoch 1 step 1600 | train loss 0.8335
 [eval] step 1600 | dev loss 1.0597 <-- saved
epoch 1 step 1650 | train loss 0.5733
epoch 1 step 1700 | train loss 0.9068
epoch 1 step 1750 | train loss 0.7029
epoch 1 step 1800 | train loss 0.9647
 [eval] step 1800 | dev loss 1.0456 <-- saved
epoch 1 step 1850 | train loss 0.7173
epoch 1 step 1900 | train loss 0.4956
epoch 1 step 1950 | train loss 0.6161
epoch 1 step 2000 | train loss 0.3572
 [eval] step 2000 | dev loss 1.0446 <-- saved
epoch 1 step 2050 | train loss 0.6317
epoch 1 step 2100 | train loss 0.7736
epoch 1 step 2150 | train loss 0.9905
epoch 1 step 2200 | train loss 0.5803
 [eval] step 2200 | dev loss 1.0406 <-- saved
epoch 1 step 2250 | train loss 0.9056
epoch 1 step 2300 | train loss 0.3791
done. best dev loss 1.0406  |  loss log: runs/run2.csv
